// Jest Snapshot v1, https://goo.gl/fbAQLP

exports[`OSM is returning stable results:  Berrien County, Michigan 1`] = `
Object {
  "city": "Saint Joseph",
  "country": "United States of America",
  "county": "Berrien County",
  "fullAddr": "700, Broad Street, Saint Joseph, Berrien County, Michigan, 49085, United States of America",
  "houseNumber": "700",
  "postcode": "49085",
  "queryAddr": "700 Broad Street St Joseph, MI 49085",
  "road": "Broad Street",
  "state": "Michigan",
  "unit": "1A",
}
`;

exports[`OSM is returning stable results: Broward County, Florida 1`] = `
Object {
  "city": "Fort Lauderdale",
  "country": "United States of America",
  "county": "Broward County",
  "fullAddr": "2000, West Commercial Boulevard, Fort Lauderdale, Broward County, Florida, 33309, United States of America",
  "houseNumber": "2000",
  "postcode": "33309",
  "queryAddr": "2000 W Commercial Blvd, Fort Lauderdale, FL 33309",
  "road": "West Commercial Boulevard",
  "state": "Florida",
  "unit": "1A",
}
`;

exports[`OSM is returning stable results: Canton, Wayne County, Michigan 1`] = `
Object {
  "city": "Canton",
  "country": "United States of America",
  "county": "Wayne County",
  "fullAddr": "45525, Hanford Road, Cherry Hill, Canton, Wayne County, Michigan, 48187, United States of America",
  "houseNumber": "45525",
  "postcode": "48187",
  "queryAddr": "45525 Hanford Rd, Canton, MI 48187",
  "road": "Hanford Road",
  "state": "Michigan",
  "unit": "1A",
}
`;

exports[`OSM is returning stable results: Dearborn Heights, Wayne County, Michigan 1`] = `
Object {
  "city": "Dearborn Heights",
  "country": "United States of America",
  "county": "Wayne County",
  "fullAddr": "24624, West Warren Street, Dearborn Heights, Wayne County, Michigan, 48127, United States of America",
  "houseNumber": "24624",
  "postcode": "48127",
  "queryAddr": "24624 W Warren St, Dearborn Heights, MI",
  "road": "West Warren Street",
  "state": "Michigan",
  "unit": "1A",
}
`;

exports[`OSM is returning stable results: Dearborn, Wayne County, Michigan 1`] = `
Object {
  "city": "Dearborn",
  "country": "United States of America",
  "county": "Wayne County",
  "fullAddr": "22100, Michigan Avenue, Dearborn, Wayne County, Michigan, 48124, United States of America",
  "houseNumber": "22100",
  "postcode": "48124",
  "queryAddr": "22100 Michigan Ave. Dearborn, MI 48124",
  "road": "Michigan Avenue",
  "state": "Michigan",
  "unit": "1A",
}
`;

exports[`OSM is returning stable results: Miami-Dade County, Florida 1`] = `
Object {
  "city": "Miami",
  "country": "United States of America",
  "county": "Miami-Dade County",
  "fullAddr": "100, Biscayne Boulevard, The Roads, Miami, Miami-Dade County, Florida, 33131, United States of America",
  "houseNumber": "100",
  "postcode": "33131",
  "queryAddr": "100 S Biscayne Blvd, Miami, FL 33131",
  "road": "Biscayne Boulevard",
  "state": "Florida",
  "unit": "1A",
}
`;

exports[`OSM is returning stable results: Muskegon County, Michigan 1`] = `
Object {
  "city": "Muskegon Heights",
  "country": "United States of America",
  "county": "Muskegon County",
  "fullAddr": "2724, Peck Street, Muskegon Heights, Muskegon County, Michigan, 49444, United States of America",
  "houseNumber": "2724",
  "postcode": "49444",
  "queryAddr": "2724 Peck St, Muskegon Heights, MI 49444",
  "road": "Peck Street",
  "state": "Michigan",
  "unit": "1A",
}
`;

exports[`OSM is returning stable results: Pasco County, Florida 1`] = `
Object {
  "city": "New Port Richey",
  "country": "United States of America",
  "county": "Pasco County",
  "fullAddr": "5443, Main Street, New Port Richey, Pasco County, Florida, 34652, United States of America",
  "houseNumber": "5443",
  "postcode": "34652",
  "queryAddr": "5443 Main St, Port Richey, FL 34652",
  "road": "Main Street",
  "state": "Florida",
  "unit": "1A",
}
`;
